../Core/Src/main.c:100:5:main	176	static
../Core/Src/main.c:336:6:SystemClock_Config	88	static
../Core/Src/main.c:383:13:MX_ADC1_Init	24	static
../Core/Src/main.c:471:13:MX_I2C1_Init	8	static
../Core/Src/main.c:505:13:MX_SPI2_Init	8	static
../Core/Src/main.c:543:13:MX_TIM2_Init	64	static
../Core/Src/main.c:601:13:MX_TIM3_Init	32	static
../Core/Src/main.c:646:13:MX_USART1_UART_Init	8	static
../Core/Src/main.c:679:13:MX_USART2_UART_Init	8	static
../Core/Src/main.c:712:13:MX_USART6_UART_Init	8	static
../Core/Src/main.c:743:13:MX_DMA_Init	16	static
../Core/Src/main.c:761:13:MX_GPIO_Init	48	static
../Core/Src/main.c:823:1:__io_putchar	16	static
../Core/Src/main.c:835:6:Error_Handler	4	static,ignoring_inline_asm
