../Core/Src/stm32f4xx_it.c:82:6:NMI_Handler	4	static
../Core/Src/stm32f4xx_it.c:97:6:HardFault_Handler	4	static
../Core/Src/stm32f4xx_it.c:112:6:MemManage_Handler	4	static
../Core/Src/stm32f4xx_it.c:127:6:BusFault_Handler	4	static
../Core/Src/stm32f4xx_it.c:142:6:UsageFault_Handler	4	static
../Core/Src/stm32f4xx_it.c:157:6:SVC_Handler	4	static
../Core/Src/stm32f4xx_it.c:170:6:DebugMon_Handler	4	static
../Core/Src/stm32f4xx_it.c:183:6:PendSV_Handler	4	static
../Core/Src/stm32f4xx_it.c:196:6:SysTick_Handler	8	static
../Core/Src/stm32f4xx_it.c:217:6:EXTI0_IRQHandler	8	static
../Core/Src/stm32f4xx_it.c:232:6:EXTI4_IRQHandler	8	static
../Core/Src/stm32f4xx_it.c:247:6:ADC_IRQHandler	8	static
../Core/Src/stm32f4xx_it.c:261:6:TIM2_IRQHandler	8	static
../Core/Src/stm32f4xx_it.c:275:6:TIM3_IRQHandler	8	static
../Core/Src/stm32f4xx_it.c:289:6:I2C1_EV_IRQHandler	8	static
../Core/Src/stm32f4xx_it.c:303:6:EXTI15_10_IRQHandler	8	static
../Core/Src/stm32f4xx_it.c:317:6:DMA2_Stream0_IRQHandler	24	static
